[  1/365] 2025-01-01 场景= 1 SOC= 1200.000 费用=  179496.77 求解=0.173s
[ 10/365] 2025-01-10 场景= 7 SOC=10800.000 费用=   73204.98 求解=0.216s
[ 20/365] 2025-01-20 场景=13 SOC=10800.000 费用=   80012.32 求解=0.444s
[ 30/365] 2025-01-30 场景=14 SOC=10800.000 费用=   64971.84 求解=0.266s
[ 40/365] 2025-02-09 场景= 0 SOC=10800.000 费用=   59463.39 求解=0.070s
[ 50/365] 2025-02-19 场景= 0 SOC=10800.000 费用=   53086.99 求解=0.114s
[ 60/365] 2025-03-01 场景= 0 SOC=10800.000 费用=   25413.35 求解=0.136s
[ 70/365] 2025-03-11 场景= 0 SOC=10800.000 费用=   46841.06 求解=0.120s
[ 80/365] 2025-03-21 场景= 0 SOC=10800.000 费用=   26511.06 求解=0.114s
[ 90/365] 2025-03-31 场景= 0 SOC=10800.000 费用=   45274.58 求解=0.113s
[100/365] 2025-04-10 场景= 0 SOC=10800.000 费用=   41184.45 求解=0.111s
[110/365] 2025-04-20 场景= 0 SOC=10800.000 费用=   38949.75 求解=0.096s
[120/365] 2025-04-30 场景= 0 SOC=10800.000 费用=   37784.68 求解=0.124s
[130/365] 2025-05-10 场景= 0 SOC=10800.000 费用=   22045.78 求解=0.111s
[140/365] 2025-05-20 场景= 0 SOC=10800.000 费用=   42433.59 求解=0.128s
[150/365] 2025-05-30 场景= 0 SOC=10800.000 费用=   18447.02 求解=0.158s
[160/365] 2025-06-09 场景= 0 SOC=10800.000 费用=   53875.16 求解=0.112s
[170/365] 2025-06-19 场景= 0 SOC=10800.000 费用=   54904.60 求解=0.201s
[180/365] 2025-06-29 场景= 0 SOC=10800.000 费用=   64714.67 求解=0.109s
[190/365] 2025-07-09 场景= 0 SOC=10800.000 费用=   56867.50 求解=0.101s
[200/365] 2025-07-19 场景= 0 SOC=10800.000 费用=   33601.81 求解=0.226s
[210/365] 2025-07-29 场景= 0 SOC=10800.000 费用=   60633.88 求解=0.158s
[220/365] 2025-08-08 场景= 0 SOC=10800.000 费用=   26023.93 求解=0.207s
[230/365] 2025-08-18 场景= 0 SOC=10800.000 费用=   52141.54 求解=0.109s
[240/365] 2025-08-28 场景= 0 SOC=10800.000 费用=   63145.42 求解=0.189s
[250/365] 2025-09-07 场景= 0 SOC=10800.000 费用=   49656.88 求解=0.130s
[260/365] 2025-09-17 场景= 0 SOC=10800.000 费用=   47425.52 求解=0.146s
[270/365] 2025-09-27 场景= 0 SOC=10800.000 费用=   27769.13 求解=0.162s
[280/365] 2025-10-07 场景= 0 SOC=10800.000 费用=   45412.20 求解=0.123s
[290/365] 2025-10-17 场景= 0 SOC=10800.000 费用=   19388.73 求解=0.163s
[300/365] 2025-10-27 场景= 0 SOC=10693.180 费用=   50163.12 求解=0.130s
[310/365] 2025-11-06 场景= 0 SOC=10166.799 费用=   54420.24 求解=0.111s
[320/365] 2025-11-16 场景= 0 SOC=10009.509 费用=   56183.74 求解=0.259s
[330/365] 2025-11-26 场景= 0 SOC= 9893.934 费用=   55462.14 求解=0.134s
[340/365] 2025-12-06 场景= 0 SOC= 9893.934 费用=   30022.96 求解=0.145s
[350/365] 2025-12-16 场景= 0 SOC= 9820.718 费用=   65034.58 求解=0.122s
[360/365] 2025-12-26 场景= 0 SOC= 9635.119 费用=   28005.79 求解=0.133s
[365/365] 2025-12-31 场景= 0 SOC= 9574.885 费用=   65249.54 求解=0.144s
求解结果已保存: Question_Two\output\candidate_calibrated\question_two_solution.json
